<html>
<body>
<pre>
<h1>礦ision Build Log</h1>
<h2>Project:</h2>
E:\src\IMS\Projects\MDK-ARM\WireHarnessTester.uvproj
Project File Date:  03/02/2016

<h2>Output:</h2>
Build target 'WireHarnessTester'
linking...
Program Size: Code=285132 RO-data=1632300 RW-data=4488 ZI-data=2086708  
FromELF: creating hex file...
After Build - User command #1: fromelf.exe --bin -o .\HexBin\WT8A46.bin .\Output\WireHarnessTesterCC_V.axf
After Build - User command #2: .\CopyHex.bat
E:\src\IMS\Projects\MDK-ARM>copy /y Output\WireHarnessTesterCC_V.hex HexBin\WT8A46.hex 
已复制         1 个文件。
E:\src\IMS\Projects\MDK-ARM>exit
".\Output\WireHarnessTesterCC_V.axf" - 0 Error(s), 0 Warning(s).
</pre>
</body>
</html>
x_hal_adc.c...
compiling stm32f4xx_hal_adc_ex.c...
compiling stm32f4xx_hal_can.c...
compiling stm32f4xx_hal_cortex.c...
compiling stm32f4xx_hal_crc.c...
compiling stm32f4xx_hal_cryp.c...
compiling stm32f4xx_hal_cryp_ex.c...
compiling stm32f4xx_hal_dac.c...
compiling stm32f4xx_hal_dac_ex.c...
compiling stm32f4xx_hal_dcmi.c...
compiling stm32f4xx_hal_dma.c...
compiling stm32f4xx_hal_dma_ex.c...
compiling stm32f4xx_hal_dma2d.c...
compiling stm32f4xx_hal_eth.c...
compiling stm32f4xx_hal_flash.c...
compiling stm32f4xx_hal_flash_ex.c...
compiling stm32f4xx_hal_gpio.c...
compiling stm32f4xx_hal_hash.c...
compiling stm32f4xx_hal_hash_ex.c...
compiling stm32f4xx_hal_hcd.c...
compiling stm32f4xx_hal_i2c.c...
compiling stm32f4xx_hal_i2c_ex.c...
compiling stm32f4xx_hal_i2s.c...
compiling stm32f4xx_hal_i2s_ex.c...
compiling stm32f4xx_hal_irda.c...
compiling stm32f4xx_hal_iwdg.c...
compiling stm32f4xx_hal_ltdc.c...
compiling stm32f4xx_hal_msp_template.c...
compiling stm32f4xx_hal_nand.c...
compiling stm32f4xx_hal_nor.c...
compiling stm32f4xx_hal_pccard.c...
compiling stm32f4xx_hal_pcd.c...
compiling stm32f4xx_hal_pwr.c...
compiling stm32f4xx_hal_pwr_ex.c...
compiling stm32f4xx_hal_rcc.c...
compiling stm32f4xx_hal_rcc_ex.c...
compiling stm32f4xx_hal_rng.c...
compiling stm32f4xx_hal_rtc.c...
compiling stm32f4xx_hal_rtc_ex.c...
compiling stm32f4xx_hal_sai.c...
compiling stm32f4xx_hal_sd.c...
compiling stm32f4xx_hal_sdram.c...
compiling stm32f4xx_hal_smartcard.c...
compiling stm32f4xx_hal_spi.c...
compiling stm32f4xx_hal_sram.c...
compiling stm32f4xx_hal_tim.c...
compiling stm32f4xx_hal_tim_ex.c...
compiling stm32f4xx_hal_uart.c...
compiling stm32f4xx_hal_usart.c...
compiling stm32f4xx_hal_wwdg.c...
compiling stm32f4xx_ll_fmc.c...
compiling stm32f4xx_ll_fsmc.c...
compiling stm32f4xx_ll_sdmmc.c...
compiling stm32f4xx_ll_usb.c...
compiling diskio.c...
compiling ff.c...
compiling ff_gen_drv.c...
compiling usbh_diskio.c...
compiling sd_diskio.c...
compiling syscall.c...
compiling unicode.c...
compiling croutine.c...
compiling list.c...
compiling queue.c...
compiling tasks.c...
compiling timers.c...
compiling cmsis_os.c...
compiling heap_4.c...
compiling port.c...
compiling GUIConf.c...
compiling LCDConf_stm32f429i_disco_MB1075.c...
compiling GUI_X_OS.c...
compiling usbh_msc.c...
compiling usbh_msc_bot.c...
compiling usbh_msc_scsi.c...
compiling usbh_conf.c...
compiling usbh_core.c...
compiling usbh_ctlreq.c...
compiling usbh_ioreq.c...
compiling usbh_pipes.c...
compiling main.c...
compiling wt_startup.c...
compiling wt_task_gui.c...
..\..\Application\WireTester\User\wt_task_gui.c(243): warning:  #177-D: variable "res" was declared but never referenced
        uint8_t res = 0;
..\..\Application\WireTester\User\wt_task_gui.c: 1 warning, 0 errors
compiling wt_windows_menu.c...
compiling wt_windows_test.c...
compiling wt_uart_24GHz.c...
..\..\Application\WireTester\User\wt_uart_24GHz.c(754): warning:  #177-D: function "Uart24G_HeartBeat" was declared but never referenced
  static void Uart24G_HeartBeat(char *buff)
..\..\Application\WireTester\User\wt_uart_24GHz.c: 1 warning, 0 errors
compiling wt_ad_app.c...
compiling wt_windows_config.c...
compiling wt_windows_study.c...
compiling wt_windows_system.c...
compiling wt_task_wiretest.c...
..\..\Application\WireTester\User\wt_task_wiretest.c(47): warning:  #177-D: variable "res_last" was declared but never referenced
        uint8_t res_last;
..\..\Application\WireTester\User\wt_task_wiretest.c: 1 warning, 0 errors
compiling wt_windows_edit.c...
compiling wt_windows_selftest.c...
compiling wt_task_wirestudy.c...
compiling wt_task_wireselfcheck.c...
compiling wt_task_wirefindpoint.c...
compiling wt_windows_find.c...
compiling wt_uart_COM1.c...
compiling wt_uart_audio.c...
compiling wt_uart_COM2.c...
compiling wt_windows_print.c...
compiling wt_bsp_store.c...
compiling wt_bsp_key_led.c...
compiling wt_bsp_io.c...
compiling wt_bsp_usart.c...
compiling wt_bsp_ad.c...
compiling wt_bsp_file.c...
compiling wt_bsp_infrared.c...
compiling bm_ICO_edit.c...
compiling bm_ICO_Info.c...
compiling bm_ICO_setting.c...
compiling bm_ICO_study.c...
compiling bm_ICO_test.c...
compiling bm_BackGround480x272A.c...
compiling bm_StartupA.c...
compiling wt_bm_Sourse.c...
compiling bm_Logo_LZY40x20.c...
compiling bm_ICO_book.c...
compiling bm_ICO_smail.c...
compiling bm_ICO_wheel.c...
compiling HZ_Song_16.c...
compiling HZ_Song_32.c...
compiling bm_logo_lzy115x84.c...
compiling wt_bm_edit.c...
compiling wt_bm_selftest.c...
compiling wt_test_dialog.c...
compiling wt_warningbox.c...
compiling wt_study_dialog .c...
compiling wt_closewarning.c...
compiling wt_study_save_dialog.c...
compiling wt_edit_dialog.c...
compiling bm_test_ok.c...
compiling bm_board_160x40.c...
compiling bm_board_null_160x40.c...
compiling bm_ICO_find.c...
compiling bm_warn_120x100.c...
compiling HZ_Song_12.c...
compiling bm_test_fail.c...
compiling bm_test_run.c...
compiling HZ_Song_24.c...
compiling HZ_Song_48.c...
compiling bm_ICO_print.c...
compiling wt_passwd_dialog.c...
compiling wt_edit_save_dialog.c...
linking...
.\Output\WireHarnessTesterCC_V.axf: error: L6002U: Could not open file ..\..\Middlewares\ST\STemWin\Lib\STemWin526_CM4_OS_Keil.lib: No such file or directory
Finished: 0 information, 0 warning, 0 error and 1 fatal error messages.
".\Output\WireHarnessTesterCC_V.axf" - 1 Error(s), 3 Warning(s).
Target not created
